eight
five
nine
over-yes
siz
three
time
